// Jest Snapshot v1, https://goo.gl/fbAQLP

exports[`render the uml-activity-fork-node-component 1`] = `
<body>
  <div>
    <svg>
      <g>
        <rect
          class="sc-eCYdqJ iMAfer"
          fill="black"
          fill-opacity="1"
          height="60"
          stroke="none"
          width="20"
        />
      </g>
    </svg>
  </div>
</body>
`;
