// Jest Snapshot v1, https://goo.gl/fbAQLP

exports[`render the flowchart-function-call-component 1`] = `
<body>
  <div>
    <svg>
      <g>
        <rect
          class="sc-hKMtZM kFuMUP"
          fill="white"
          height="100%"
          stroke="black"
          width="10"
          x="0"
        />
        <rect
          class="sc-hKMtZM kFuMUP"
          fill="white"
          height="100%"
          stroke="black"
          width="180"
          x="10"
        />
        <rect
          class="sc-hKMtZM kFuMUP"
          fill="white"
          height="100%"
          stroke="black"
          width="10"
          x="190"
        />
        <text
          font-weight="bold"
          height="100"
          pointer-events="none"
          text-anchor="middle"
          width="200"
          x="100"
          y="50"
        >
          <tspan
            dy="5.5"
            x="100"
          >
            TestFunctionCallComponent
          </tspan>
        </text>
      </g>
    </svg>
  </div>
</body>
`;
