// Jest Snapshot v1, https://goo.gl/fbAQLP

exports[`render the bpmn-transaction-component 1`] = `
<body>
  <div>
    <svg>
      <g>
        <polyline
          class="sc-aXZVg bUvEJV"
          fill="white"
          points="0 0, 0 100, 200 100, 200 15, 185 0, 185 15, 200 15, 185 0, 0 0"
          stroke="black"
        />
        <text
          font-weight="bold"
          height="100"
          pointer-events="none"
          text-anchor="middle"
          width="200"
          x="100"
          y="50"
        >
          <tspan
            dy="5.5"
            x="100"
          >
            Data Object
          </tspan>
        </text>
      </g>
    </svg>
  </div>
</body>
`;
