// Jest Snapshot v1, https://goo.gl/fbAQLP

exports[`test deployment node popup render 1`] = `
<body>
  <div>
    <div>
      <section>
        <div
          class="sc-bypJrT hnnasP"
        >
          <input
            class="sc-bmzYkS sc-iHGNWf fEVqYL gacFBO"
            maxlength="100"
            value=""
          />
          <button
            class="sc-eeDRCY sc-koXPp fShmjg dCdHsc"
            color="link"
            tabindex="-1"
          >
            <svg
              class="sc-dhKdcB dMUpVV"
              height="16px"
              viewBox="0 0 128 128"
              width="16px"
              xmlns="http://www.w3.org/2000/svg"
            >
              <path
                d="M74.1387 93.5415L92.8052 64.1677H101.049V65.1153L81.9085 93.5415H74.1387ZM74.1387 35.3625H81.9085L101.049 63.7887V64.7363H92.8052L74.1387 35.3625ZM98.7273 93.5415L117.394 64.1677H125.637V65.1153L106.497 93.5415H98.7273ZM98.7273 35.3625H106.497L125.637 63.7887V64.7363H117.394L98.7273 35.3625Z"
                fill="black"
              />
              <path
                clip-rule="evenodd"
                d="M72.068 34.225C72.4831 33.4695 73.2767 33 74.1387 33H81.9085C82.6946 33 83.4292 33.391 83.8682 34.043L103.009 62.4692C103.271 62.8592 103.411 63.3186 103.411 63.7887V65.1153C103.411 65.5854 103.271 66.0448 103.009 66.4348L83.8682 94.861C83.4292 95.513 82.6946 95.904 81.9085 95.904H74.1387C73.2767 95.904 72.4831 95.4345 72.068 94.679C71.653 93.9235 71.6824 93.0019 72.1447 92.2743L89.8254 64.452L72.1447 36.6297C71.6824 35.9021 71.653 34.9805 72.068 34.225ZM93.7418 67.0988L78.4393 91.1789H80.6511L96.8651 67.0988H93.7418ZM96.8651 61.8052H93.7418L78.4393 37.7251H80.6511L96.8651 61.8052ZM96.6567 34.225C97.0717 33.4695 97.8653 33 98.7273 33H106.497C107.283 33 108.018 33.391 108.457 34.043L127.597 62.4692C127.86 62.8592 128 63.3186 128 63.7887V65.1153C128 65.5854 127.86 66.0448 127.597 66.4348L108.457 94.861C108.018 95.513 107.283 95.904 106.497 95.904H98.7273C97.8653 95.904 97.0717 95.4345 96.6567 94.679C96.2416 93.9235 96.271 93.0019 96.7334 92.2743L114.414 64.452L96.7334 36.6297C96.271 35.9021 96.2416 34.9805 96.6567 34.225ZM118.33 67.0988L103.028 91.1789H105.24L121.454 67.0988H118.33ZM121.454 61.8052H118.33L103.028 37.7251H105.24L121.454 61.8052Z"
                fill="black"
                fill-rule="evenodd"
              />
              <path
                d="M29.2727 93.5415H21.5028L2.36253 65.1153V64.1677H10.5588L29.2727 93.5415ZM29.2727 35.3625L10.5588 64.7363H2.36253V63.7887L21.5028 35.3625H29.2727ZM53.5297 93.5415H45.7599L26.6196 65.1153V64.1677H34.8158L53.5297 93.5415ZM53.5297 35.3625L34.8158 64.7363H26.6196V63.7887L45.7599 35.3625H53.5297Z"
                fill="black"
              />
              <path
                clip-rule="evenodd"
                d="M19.5431 34.043C19.9822 33.391 20.7168 33 21.5028 33H29.2727C30.1352 33 30.9291 33.47 31.344 34.2262C31.7588 34.9824 31.7286 35.9045 31.2652 36.632L13.5411 64.452L31.2652 92.2721C31.7286 92.9995 31.7588 93.9216 31.344 94.6778C30.9291 95.434 30.1352 95.904 29.2727 95.904H21.5028C20.7168 95.904 19.9822 95.513 19.5431 94.861L0.402837 66.4348C0.140261 66.0448 0 65.5854 0 65.1153V63.7887C0 63.3186 0.140261 62.8592 0.402837 62.4692L19.5431 34.043ZM6.54628 67.0988L22.7602 91.1789H24.9662L9.62486 67.0988H6.54628ZM9.62486 61.8052H6.54628L22.7602 37.7251H24.9662L9.62486 61.8052ZM43.8002 34.043C44.2392 33.391 44.9738 33 45.7599 33H53.5297C54.3922 33 55.1861 33.47 55.601 34.2262C56.0158 34.9824 55.9856 35.9045 55.5222 36.632L37.7981 64.452L55.5222 92.2721C55.9856 92.9995 56.0158 93.9216 55.601 94.6778C55.1861 95.434 54.3922 95.904 53.5297 95.904H45.7599C44.9738 95.904 44.2392 95.513 43.8002 94.861L24.6599 66.4348C24.3973 66.0448 24.257 65.5854 24.257 65.1153V63.7887C24.257 63.3186 24.3973 62.8592 24.6599 62.4692L43.8002 34.043ZM30.8033 67.0988L47.0173 91.1789H49.2233L33.8819 67.0988H30.8033ZM33.8819 61.8052H30.8033L47.0173 37.7251H49.2233L33.8819 61.8052Z"
                fill="black"
                fill-rule="evenodd"
              />
            </svg>
          </button>
          <button
            class="sc-eeDRCY sc-koXPp fShmjg dCdHsc"
            color="link"
            tabindex="-1"
          >
            <svg
              class="sc-dhKdcB dMUpVV"
              height="16px"
              viewBox="0 0 448 512"
              width="16px"
              xmlns="http://www.w3.org/2000/svg"
            >
              <path
                d="M440 64H336l-33.6-44.8A48 48 0 0 0 264 0h-80a48 48 0 0 0-38.4 19.2L112 64H8a8 8 0 0 0-8 8v16a8 8 0 0 0 8 8h18.9l33.2 372.3a48 48 0 0 0 47.8 43.7h232.2a48 48 0 0 0 47.8-43.7L421.1 96H440a8 8 0 0 0 8-8V72a8 8 0 0 0-8-8zM171.2 38.4A16.1 16.1 0 0 1 184 32h80a16.1 16.1 0 0 1 12.8 6.4L296 64H152zm184.8 427a15.91 15.91 0 0 1-15.9 14.6H107.9A15.91 15.91 0 0 1 92 465.4L59 96h330z"
              />
            </svg>
          </button>
        </div>
      </section>
      <section>
        <hr
          class="sc-tagGq XeZYh"
        />
        <div
          class="sc-bypJrT hnnasP"
        >
          <input
            class="sc-bmzYkS sc-iHGNWf fEVqYL gacFBO"
            maxlength="100"
            value="node"
          />
        </div>
      </section>
    </div>
  </div>
</body>
`;
