// Jest Snapshot v1, https://goo.gl/fbAQLP

exports[`render the uml-component-required-interface-component 1`] = `
<body>
  <div>
    <svg>
      <g>
        <marker
          id="marker-a80638d5-7083-48be-b1c9-f6e9d64cde88"
          markerHeight="27"
          markerUnits="strokeWidth"
          markerWidth="27"
          orient="auto"
          refX="0"
          refY="0"
          viewBox="0 0 27 27"
        >
          <path
            class="sc-gEvEer hATzAk"
            d="M 2 -7.8 C -1.5 -3 -1.2 3.4 2 7.8"
            fill="none"
            stroke="black"
            stroke-width="2"
          />
        </marker>
        <polyline
          class="sc-aXZVg OFiXI"
          fill="none"
          marker-end="url(#marker-a80638d5-7083-48be-b1c9-f6e9d64cde88)"
          points="0 0,100 97"
          stroke="black"
          stroke-width="1"
        />
      </g>
    </svg>
  </div>
</body>
`;
