// Jest Snapshot v1, https://goo.gl/fbAQLP

exports[`render the uml-deplyoment-required-interface-component 1`] = `
<body>
  <div>
    <svg>
      <g>
        <marker
          id="marker-05a6f05d-404a-4f38-ade1-d46c9f02902b"
          markerHeight="27"
          markerUnits="strokeWidth"
          markerWidth="27"
          orient="auto"
          refX="0"
          refY="0"
          viewBox="0 0 27 27"
        >
          <path
            class="sc-gsnTZi iAPApG"
            d="M 13 -13.5 a 13,13 0 0 0 0,27"
            fill="none"
            stroke="black"
            stroke-width="2"
          />
        </marker>
        <polyline
          class="sc-bczRLJ gQkeMM"
          fill="none"
          marker-end="url(#marker-05a6f05d-404a-4f38-ade1-d46c9f02902b)"
          points="0 0,100 97"
          stroke="black"
          stroke-width="1"
        />
      </g>
    </svg>
  </div>
</body>
`;
