// Jest Snapshot v1, https://goo.gl/fbAQLP

exports[`render the uml-petri-net-arc-component 1`] = `
<body>
  <div>
    <svg>
      <g>
        <marker
          id="marker-test-id"
          markerHeight="30"
          markerUnits="strokeWidth"
          markerWidth="22"
          orient="auto"
          refX="30"
          refY="15"
          viewBox="0 0 30 30"
        >
          <path
            class="sc-dkrFOg bzAOvy"
            d="M0,1 L0,29 L30,15 z"
            fill="black"
            stroke="white"
          />
        </marker>
        <path
          d="
        M 0 -10
        L 200 90
    "
          id="textpath-test-id"
        />
        <text
          dominant-baseline="middle"
          dy="20px"
          font-weight="bold"
          pointer-events="none"
          text-anchor="middle"
        >
          <textpath
            startOffset="50%"
            xlink:href="#textpath-test-id"
          >
            TestPetriNetArc
          </textpath>
        </text>
        <polyline
          class="sc-bcXHqe gxNoIV"
          fill="none"
          marker-end="url(#marker-test-id)"
          points="0 0,200 100"
          stroke="black"
          stroke-width="1"
        />
      </g>
    </svg>
  </div>
</body>
`;
