// Jest Snapshot v1, https://goo.gl/fbAQLP

exports[`render the uml-use-case-generalization-component 1`] = `
<body>
  <div>
    <svg>
      <g>
        <marker
          id="marker-ab5a33ed-473c-452c-8b9c-404e02184b3c"
          markerHeight="30"
          markerUnits="strokeWidth"
          markerWidth="22"
          orient="auto"
          refX="30"
          refY="15"
          viewBox="0 0 30 30"
        >
          <path
            class="sc-gEvEer fMgKSV"
            d="M0,1 L0,29 L30,15 z"
            fill="white"
            stroke="black"
          />
        </marker>
        <polyline
          class="sc-aXZVg OFiXI"
          fill="none"
          marker-end="url(#marker-ab5a33ed-473c-452c-8b9c-404e02184b3c)"
          points="0 0,100 100"
          stroke="black"
          stroke-width="1"
        />
      </g>
    </svg>
  </div>
</body>
`;
