// Jest Snapshot v1, https://goo.gl/fbAQLP

exports[`test render the uml-activity-object-node-component 1`] = `
<body>
  <div>
    <svg>
      <g>
        <rect
          class="sc-fqkvVR kprGcp"
          fill="white"
          height="100%"
          stroke="black"
          width="100%"
        />
        <text
          font-weight="bold"
          height="100"
          pointer-events="none"
          text-anchor="middle"
          width="160"
          x="80"
          y="50"
        >
          <tspan
            dy="5.5"
            x="80"
          >
            TestActivityComponent
          </tspan>
        </text>
      </g>
    </svg>
  </div>
</body>
`;
