// Jest Snapshot v1, https://goo.gl/fbAQLP

exports[`render the uml-component-dependency-component 1`] = `
<body>
  <div>
    <svg>
      <g>
        <marker
          id="marker-4dcd06c9-10b8-4069-9ade-7fcf6d77d6ea"
          markerHeight="30"
          markerUnits="strokeWidth"
          markerWidth="22"
          orient="auto"
          refX="30"
          refY="15"
          viewBox="0 0 30 30"
        >
          <path
            class="sc-gEvEer hATzAk"
            d="M0,29 L30,15 L0,1"
            fill="none"
            stroke="black"
          />
        </marker>
        <polyline
          class="sc-aXZVg OFiXI"
          fill="none"
          marker-end="url(#marker-4dcd06c9-10b8-4069-9ade-7fcf6d77d6ea)"
          points="0 0,100 100"
          stroke="black"
          stroke-dasharray="7"
          stroke-width="1"
        />
      </g>
    </svg>
  </div>
</body>
`;
