// Jest Snapshot v1, https://goo.gl/fbAQLP

exports[`render the uml-activity-component 1`] = `
<body>
  <div>
    <svg>
      <g>
        <rect
          class="sc-fqkvVR kprGcp"
          fill="white"
          height="100%"
          rx="10"
          ry="10"
          stroke="black"
          width="100%"
        />
        <text
          dominant-baseline="middle"
          font-weight="bold"
          pointer-events="none"
          text-anchor="middle"
          x="50%"
          y="20"
        >
          TestActivityComponent
        </text>
      </g>
    </svg>
  </div>
</body>
`;
