// Jest Snapshot v1, https://goo.gl/fbAQLP

exports[`render the bpmn-error-filled-icon 1`] = `
<body>
  <div>
    <svg>
      <svg
        height="20"
        width="20"
      >
        <polyline
          class="sc-aXZVg epDaOi"
          fill="currentColor"
          points="3 16, 6 4, 13 11, 17 4, 14 16, 7 10, 3 16"
          stroke="black"
          stroke-linecap="round"
          stroke-linejoin="round"
        />
      </svg>
    </svg>
  </div>
</body>
`;
