// Jest Snapshot v1, https://goo.gl/fbAQLP

exports[`render the bpmn-conversation-component 1`] = `
<body>
  <div>
    <svg>
      <g>
        <polyline
          class="sc-aXZVg bUvEJV"
          fill="white"
          points="10 0, 30 0, 40 20, 30 40, 10 40, 0 20, 10 0"
          stroke="black"
          stroke-width="1"
        />
        <text
          height="40"
          pointer-events="none"
          text-anchor="start"
          width="40"
          x="50"
          y="20"
        >
          <tspan
            dy="5.5"
            x="50"
          >
            Conversation
          </tspan>
        </text>
      </g>
    </svg>
  </div>
</body>
`;
