// Jest Snapshot v1, https://goo.gl/fbAQLP

exports[`render the uml-component-interface-provided-component 1`] = `
<body>
  <div>
    <svg>
      <g>
        <polyline
          class="sc-aXZVg OFiXI"
          fill="none"
          points="0 0,100 100"
          stroke="black"
        />
      </g>
    </svg>
  </div>
</body>
`;
